AUDIT INPUT: C:\Users\Dylan DeYoung\wsl-lane-nodes\kicad\revD\wsl-phase8b-revD.kicad_pcb
[board] 250.15 x 240.15 mm, 4 cu layers, nets=218
[board] footprints=282
[board] Pico ref = A1
PASS  netlist-part footprint count = 262 (got 262)
PASS  board extras: 16 test pads + 4 mounting holes (got 16 TP, 4 MK)
[netclass-board] {'Logic_Signal': 97, 'Safety_Rail': 13, 'Field_Sense': 82, 'Logic_Power': 4, 'Machine_Output': 21}
PASS  no named net fell to Default class (found 0)
PASS  every named net (217) is in a custom class (got 217)
PASS    board-assigned class Logic_Signal = 97 (got 97)
PASS    board-assigned class Logic_Power = 4 (got 4)
PASS    board-assigned class Safety_Rail = 13 (got 13)
PASS    board-assigned class Field_Sense = 82 (got 82)
PASS    board-assigned class Machine_Output = 21 (got 21)
[zones] count=10
  net='GND' layer=F.Cu filled=True area_mm2=19267101738.91 rule_area=False
  net='' layer=undefined filled=False area_mm2=0.0 rule_area=True
  net='' layer=undefined filled=False area_mm2=0.0 rule_area=True
  net='' layer=undefined filled=False area_mm2=0.0 rule_area=True
  net='' layer=undefined filled=False area_mm2=0.0 rule_area=True
  net='' layer=undefined filled=False area_mm2=0.0 rule_area=True
  net='' layer=undefined filled=False area_mm2=0.0 rule_area=True
  net='' layer=undefined filled=False area_mm2=0.0 rule_area=True
  net='' layer=undefined filled=False area_mm2=0.0 rule_area=True
  net='' layer=undefined filled=False area_mm2=0.0 rule_area=True
PASS  netted copper zones are filled (1)
PASS  isolation keepout rule areas present (9)
[dnp] count=27 ['C10', 'C4', 'C5', 'C6', 'C7', 'C8', 'C9', 'D10', 'D12', 'D13', 'D14', 'D2', 'D4', 'D6', 'D8', 'J12', 'K7', 'Q7', 'R100', 'R101', 'R102', 'R103', 'R85', 'R88', 'R91', 'R94', 'R97']
PASS  M1 channel still DNP (>=8 DNP footprints, found 27)
[conn] GetUnconnectedCount=0
PASS  no anonymous N$ nets (found 0)
[netclass] {'Logic_Signal': 97, 'Safety_Rail': 13, 'Field_Sense': 82, 'Logic_Power': 4, 'Machine_Output': 21}
[netclass] expected {'Logic_Signal': 97, 'Logic_Power': 4, 'Safety_Rail': 13, 'Field_Sense': 82, 'Machine_Output': 21}
PASS  no unclassifiable nets (found [])
PASS  no overlapping-class nets (found [])
PASS    class Logic_Signal = 97 (got 97)
PASS    class Logic_Power = 4 (got 4)
PASS    class Safety_Rail = 13 (got 13)
PASS    class Field_Sense = 82 (got 82)
PASS    class Machine_Output = 21 (got 21)
PASS  STOP-SHIP GUARD: Safety_Rail count is EXACTLY 13 (rev-D adds zero safety copper)
PASS  total named nets = 217 (got 217)
[rail] RELAY_ENABLE_RAIL pads=16 relays=['K1', 'K2', 'K3', 'K4', 'K5', 'K6', 'K7']
[rail] all refs on rail: ['D1', 'D11', 'D13', 'D3', 'D5', 'D7', 'D9', 'K1', 'K2', 'K3', 'K4', 'K5', 'K6', 'K7', 'Q14', 'TP16']
PASS  safety rail reaches 7 relay coils (got 7: ['K1', 'K2', 'K3', 'K4', 'K5', 'K6', 'K7'])
PASS  safety rail reaches a pass-FET (Q*)
PASS  no OUT_* net touches the Pico (violations: [])
PASS  GND and FIELD_GND both present + distinct
[iso] GND pads=112 FIELD_GND pads=10
[iso] refs on BOTH GND and FIELD_GND: ['U45']
PASS  only the TMA-0505S isolation converter straddles GND/FIELD_GND (got ['U45'])
[safety] SAFE_STOP_RETURN: [('J14', '4'), ('R124', '1'), ('Q14', '2'), ('TP15', '1')]
[safety] SAFE_TBSC_RETURN: [('J14', '2'), ('J14', '3')]
[safety] RAIL_GATE: [('R124', '2'), ('Q15', '3'), ('Q14', '1')]
[safety] ARM_PERMIT: [('TP13', '1'), ('R136', '1'), ('J1', '8'), ('R125', '1')]
[safety] RP2040_OK: [('R139', '1'), ('A1', '4'), ('TP14', '1'), ('R127', '1'), ('J1', '13')]
PASS  SAFE_STOP_RETURN + SAFE_TBSC_RETURN + RAIL_GATE present
PASS  SAFE_TBSC_RETURN pad membership frozen at rev-C: exactly 2 pads, both on J_SAFETY (got [('J14', '2'), ('J14', '3')])
PASS  SAFE_STOP_RETURN pad membership frozen at rev-C board: exactly 4 pads (J_SAFETY, pass-FET, gate pullup, TP15) (got [('J14', '4'), ('R124', '1'), ('Q14', '2'), ('TP15', '1')])
PASS  RAIL_GATE pad membership frozen at rev-C: exactly 3 pads (pass-FET gate, AND-chain collector, gate pullup) (got [('R124', '2'), ('Q15', '3'), ('Q14', '1')])
PASS  ADC_VCC5_SENSE reaches Pico pin 31 (GP26/ADC0) (got [('R129', '2'), ('C15', '1'), ('A1', '31'), ('R130', '1')])
PASS  TAP_NE555_OUT reaches Pico pin 21 (got [('Q17', '3'), ('A1', '21'), ('R132', '2')])
PASS  TAP_WDOG_KICK reaches Pico pin 22 (got [('R134', '2'), ('Q18', '3'), ('A1', '22')])
PASS  TAP_ARM_PERMIT reaches Pico pin 24 (got [('Q19', '3'), ('A1', '24'), ('R137', '2')])
PASS  TAP_RP2040_OK reaches Pico pin 25 (got [('Q20', '3'), ('A1', '25'), ('R140', '2')])
PASS  TAP_NE555_OUT carries exactly (FET drain, pull-up R, Pico) pads (got [('Q17', '3'), ('A1', '21'), ('R132', '2')])
PASS  TAP_WDOG_KICK carries exactly (FET drain, pull-up R, Pico) pads (got [('R134', '2'), ('Q18', '3'), ('A1', '22')])
PASS  TAP_ARM_PERMIT carries exactly (FET drain, pull-up R, Pico) pads (got [('Q19', '3'), ('A1', '24'), ('R137', '2')])
PASS  TAP_RP2040_OK carries exactly (FET drain, pull-up R, Pico) pads (got [('Q20', '3'), ('A1', '25'), ('R140', '2')])
PASS  TAP_GATE_555 carries only R_TAPIN(/R_TAPG) + FET gate, never the Pico (got [('Q17', '1'), ('R131', '2')])
PASS  TAP_GATE_KICK carries only R_TAPIN(/R_TAPG) + FET gate, never the Pico (got [('R135', '1'), ('Q18', '1'), ('R133', '2')])
PASS  TAP_GATE_ARM carries only R_TAPIN(/R_TAPG) + FET gate, never the Pico (got [('Q19', '1'), ('R136', '2'), ('R138', '1')])
PASS  TAP_GATE_RPOK carries only R_TAPIN(/R_TAPG) + FET gate, never the Pico (got [('R141', '1'), ('Q20', '1'), ('R139', '2')])

AUDIT RESULT: ALL PASS
